- module: logging
  feature: service:pipelines
  key: default_pipeline_overridden
  value: "false"
- module: metrics
  feature: service:pipelines
  key: default_pipeline_overridden
  value: "false"
- module: global
  feature: default:self_log
  key: default_self_log_file_collection
  value: "true"
- module: logging
  feature: receivers:windows_event_log
  key: "[0].enabled"
  value: "true"
- module: logging
  feature: receivers:windows_event_log
  key: "[0].channels.__length"
  value: "2"
- module: logging
  feature: receivers:windows_event_log
  key: "[0].receiver_version"
  value: "2"
- module: logging
  feature: receivers:windows_event_log
  key: "[0].render_as_xml"
  value: "true"
