{"resourceMetrics":[{"resource":{},"scopeMetrics":[{"scope":{},"metrics":[{"name":"agent.googleapis.com/agent/ops_agent/enabled_receivers","gauge":{"dataPoints":[{"attributes":[{"key":"telemetry_type","value":{"stringValue":"metrics"}},{"key":"receiver_type","value":{"stringValue":"hostmetrics"}}],"asInt":"1"},{"attributes":[{"key":"telemetry_type","value":{"stringValue":"logs"}},{"key":"receiver_type","value":{"stringValue":"cassandra_debug"}}],"asInt":"2"},{"attributes":[{"key":"telemetry_type","value":{"stringValue":"logs"}},{"key":"receiver_type","value":{"stringValue":"cassandra_gc"}}],"asInt":"2"},{"attributes":[{"key":"telemetry_type","value":{"stringValue":"logs"}},{"key":"receiver_type","value":{"stringValue":"cassandra_system"}}],"asInt":"2"},{"attributes":[{"key":"telemetry_type","value":{"stringValue":"logs"}},{"key":"receiver_type","value":{"stringValue":"files"}}],"asInt":"1"},{"attributes":[{"key":"telemetry_type","value":{"stringValue":"logs"}},{"key":"receiver_type","value":{"stringValue":"syslog"}}],"asInt":"3"}]}}]}]}]}