  string(
- 	`"oracledb_audit_custom" is not an otel receiver`,
+ 	"",
  )
