  string(
- 	`receiver "postgresql_custom_general" has invalid configuration: unimplemented`,
+ 	"",
  )
