  string(
- 	`receiver "saphana_custom" has invalid configuration: unimplemented`,
+ 	"",
  )
