- module: logging
  feature: service:pipelines
  key: default_pipeline_overridden
  value: "false"
- module: metrics
  feature: service:pipelines
  key: default_pipeline_overridden
  value: "false"
- module: global
  feature: default:self_log
  key: default_self_log_file_collection
  value: "true"
- module: logging
  feature: service:otel_logging
  key: otel_logging_supported_config
  value: "false"
- module: logging
  feature: receivers:nginx_access
  key: "[0].enabled"
  value: "true"
- module: logging
  feature: receivers:nginx_access
  key: "[0].include_paths.__length"
  value: "1"
- module: logging
  feature: receivers:nginx_error
  key: "[1].enabled"
  value: "true"
- module: logging
  feature: receivers:nginx_error
  key: "[1].include_paths.__length"
  value: "1"
- module: logging
  feature: receivers:nginx_access
  key: "[2].enabled"
  value: "true"
- module: logging
  feature: receivers:nginx_access
  key: "[2].include_paths.__length"
  value: "1"
- module: logging
  feature: receivers:nginx_error
  key: "[3].enabled"
  value: "true"
- module: logging
  feature: receivers:nginx_error
  key: "[3].include_paths.__length"
  value: "1"
- module: logging
  feature: receivers:syslog
  key: "[4].enabled"
  value: "true"
- module: logging
  feature: receivers:syslog
  key: "[5].enabled"
  value: "true"
- module: logging
  feature: processors:nginx_access
  key: "[0].enabled"
  value: "true"
- module: logging
  feature: processors:nginx_error
  key: "[1].enabled"
  value: "true"
