- module: logging
  feature: service:pipelines
  key: default_pipeline_overridden
  value: "true"
- module: metrics
  feature: service:pipelines
  key: default_pipeline_overridden
  value: "false"
- module: logging
  feature: receivers:systemd_journald
  key: "[0].enabled"
  value: "true"
- module: logging
  feature: processors:modify_fields
  key: "[0].enabled"
  value: "true"
