  string(
- 	`receiver "redis" has invalid configuration: unimplemented`,
+ 	"",
  )
