  string(
- 	`receiver "flink" has invalid configuration: unimplemented`,
+ 	"",
  )
