  string(
- 	`receiver "jetty_access" has invalid configuration: unimplemented`,
+ 	"",
  )
