  string(
- 	`"mongodb" is not an otel receiver`,
+ 	"",
  )
