  string(
- 	`receiver "wildfly_system" has invalid configuration: unimplemented`,
+ 	"",
  )
