- module: logging
  feature: service:pipelines
  key: default_pipeline_overridden
  value: "false"
- module: metrics
  feature: service:pipelines
  key: default_pipeline_overridden
  value: "false"
- module: logging
  feature: receivers:files
  key: "[0].enabled"
  value: "true"
- module: logging
  feature: receivers:files
  key: "[1].enabled"
  value: "true"
- module: logging
  feature: receivers:files
  key: "[2].enabled"
  value: "true"
- module: logging
  feature: processors:parse_multiline
  key: "[0].enabled"
  value: "true"
- module: logging
  feature: processors:parse_multiline
  key: "[1].enabled"
  value: "true"
- module: logging
  feature: processors:parse_multiline
  key: "[2].enabled"
  value: "true"
