- module: logging
  feature: service:pipelines
  key: default_pipeline_overridden
  value: "false"
- module: metrics
  feature: service:pipelines
  key: default_pipeline_overridden
  value: "true"
- module: metrics
  feature: receivers:hostmetrics
  key: "[0].enabled"
  value: "true"
