- module: logging
  feature: service:pipelines
  key: default_pipeline_overridden
  value: "true"
- module: metrics
  feature: service:pipelines
  key: default_pipeline_overridden
  value: "false"
- module: global
  feature: default:self_log
  key: default_self_log_file_collection
  value: "true"
- module: logging
  feature: receivers:syslog
  key: "[0].enabled"
  value: "true"
- module: logging
  feature: receivers:syslog
  key: "[1].enabled"
  value: "true"
- module: logging
  feature: processors:parse_regex
  key: "[0].enabled"
  value: "true"
