  string(
- 	`receiver "tomcat_custom_system" has invalid configuration: unimplemented`,
+ 	"",
  )
