  (
  	"""
  	... // 657 identical lines
  	      - set(attributes["instance_name"], resource.attributes["host.name"]) where resource.attributes["host.name"] != nil and resource.attributes["cloud.platform"] == "gcp_compute_engine"
  	      - set(attributes["machine_type"], resource.attributes["host.type"]) where resource.attributes["host.type"] != nil and resource.attributes["cloud.platform"] == "gcp_compute_engine"
+ 	  transform/syslog_0:
+ 	    error_mode: ignore
+ 	    log_statements:
+ 	    - context: log
+ 	      statements:
+ 	      - delete_key(cache, "__field_0") where (cache != nil and cache["__field_0"] != nil)
+ 	      - set(cache["__field_0"], attributes["compute.googleapis.com/instance_group_manager/name"]) where (attributes != nil and attributes["compute.googleapis.com/instance_group_manager/name"] != nil)
+ 	      - delete_key(cache, "__field_1") where (cache != nil and cache["__field_1"] != nil)
+ 	      - set(cache["__field_1"], attributes["compute.googleapis.com/instance_group_manager/zone"]) where (attributes != nil and attributes["compute.googleapis.com/instance_group_manager/zone"] != nil)
+ 	      - delete_key(cache, "__field_2") where (cache != nil and cache["__field_2"] != nil)
+ 	      - set(cache["__field_2"], attributes["compute.googleapis.com/resource_name"]) where (attributes != nil and attributes["compute.googleapis.com/resource_name"] != nil)
+ 	      - delete_key(cache, "__field_3") where (cache != nil and cache["__field_3"] != nil)
+ 	      - set(cache["__field_3"], attributes["gcp.log_name"]) where (attributes != nil and attributes["gcp.log_name"] != nil)
+ 	      - delete_key(cache, "value") where (cache != nil and cache["value"] != nil)
+ 	      - set(cache["value"], cache["__field_0"])
+ 	      - set(cache["value"], "test-mig") where cache["value"] == nil
+ 	      - set(attributes["compute.googleapis.com/instance_group_manager/name"], cache["value"]) where (cache != nil and cache["value"] != nil)
+ 	      - delete_key(cache, "value") where (cache != nil and cache["value"] != nil)
+ 	      - set(cache["value"], cache["__field_1"])
+ 	      - set(cache["value"], "test-zone") where cache["value"] == nil
+ 	      - set(attributes["compute.googleapis.com/instance_group_manager/zone"], cache["value"]) where (cache != nil and cache["value"] != nil)
+ 	      - delete_key(cache, "value") where (cache != nil and cache["value"] != nil)
+ 	      - set(cache["value"], cache["__field_2"])
+ 	      - set(cache["value"], "") where cache["value"] == nil
+ 	      - set(attributes["compute.googleapis.com/resource_name"], cache["value"]) where (cache != nil and cache["value"] != nil)
+ 	      - delete_key(cache, "value") where (cache != nil and cache["value"] != nil)
+ 	      - set(cache["value"], cache["__field_3"])
+ 	      - set(cache["value"], "syslog") where cache["value"] == nil
+ 	      - set(attributes["gcp.log_name"], cache["value"]) where (cache != nil and cache["value"] != nil)
  	receivers:
+ 	  filelog/syslog:
+ 	    exclude: []
+ 	    include:
+ 	    - /var/log/messages
+ 	    - /var/log/syslog
+ 	    include_file_name: false
+ 	    operators:
+ 	    - from: body
+ 	      id: body
+ 	      to: body.message
+ 	      type: move
+ 	    start_at: beginning
  	... // 138 identical and 8 inserted lines
  	"""
  )
