  string(
- 	`"fluent_forward" is not an otel receiver`,
+ 	"",
  )
