- module: logging
  feature: service:pipelines
  key: default_pipeline_overridden
  value: "false"
- module: metrics
  feature: service:pipelines
  key: default_pipeline_overridden
  value: "false"
- module: logging
  feature: receivers:files
  key: "[0].enabled"
  value: "true"
- module: logging
  feature: receivers:files
  key: "[0].record_log_file_path"
  value: "false"
- module: logging
  feature: receivers:files
  key: "[1].enabled"
  value: "true"
- module: logging
  feature: receivers:files
  key: "[1].record_log_file_path"
  value: "true"
- module: logging
  feature: receivers:files
  key: "[2].enabled"
  value: "true"
- module: logging
  feature: receivers:files
  key: "[2].record_log_file_path"
  value: "true"
- module: logging
  feature: receivers:files
  key: "[3].enabled"
  value: "true"
- module: logging
  feature: receivers:files
  key: "[3].record_log_file_path"
  value: "false"
