  string(
- 	`receiver "solr_system" has invalid configuration: unimplemented`,
+ 	"",
  )
