  string(
- 	`receiver "couchdb" has invalid configuration: unimplemented`,
+ 	"",
  )
