- module: logging
  feature: service:pipelines
  key: default_pipeline_overridden
  value: "false"
- module: metrics
  feature: service:pipelines
  key: default_pipeline_overridden
  value: "false"
- module: logging
  feature: receivers:tomcat_access
  key: "[0].enabled"
  value: "true"
- module: logging
  feature: receivers:tomcat_system
  key: "[1].enabled"
  value: "true"
