# Copyright 2020 Google LLC
#
# Licensed under the Apache License, Version 2.0 (the "License");
# you may not use this file except in compliance with the License.
# You may obtain a copy of the License at
#
#      http://www.apache.org/licenses/LICENSE-2.0
#
# Unless required by applicable law or agreed to in writing, software
# distributed under the License is distributed on an "AS IS" BASIS,
# WITHOUT WARRANTIES OR CONDITIONS OF ANY KIND, either express or implied.
# See the License for the specific language governing permissions and
# limitations under the License.

logging:
  receivers:
    log_source_id1:
      type: files
      include_paths:
      - /path/to/log/1/a/*
      - /path/to/log/1/b/*
      exclude_paths:
      - /path/to/log/1/a/exclude_a
      - /path/to/log/1/b/exclude_b
    log_source_id2:
      type: files
      include_paths:
      - /path/to/log/2/a/*
      - /path/to/log/2/b/*
      exclude_paths:
      - /path/to/log/2/a/exclude_a
      - /path/to/log/2/b/exclude_b
    test_syslog_source_id_tcp:
      type: syslog
      listen_host: 1.1.1.1
      listen_port: 1111
      transport_protocol: tcp
    test_syslog_source_id_udp:
      type: syslog
      listen_host: 2.2.2.2
      listen_port: 2222
      transport_protocol: udp
  processors:
    parse_json_1:
      type: parse_json
      field: key_1
      time_key: time_key_1
      time_format: time_format_1
    parse_regex_1:
      type: parse_regex
      field: key_1
      regex: regex_pattern_1
      time_key: time_key_1
      time_format: time_format_1
  service:
    pipelines:
      default_pipeline:
        receivers: []
      pipeline1:
        receivers:
        - log_source_id1
        processors:
        - parse_json_1
      pipeline2:
        receivers:
        - log_source_id2
        processors:
        - parse_regex_1
      pipeline3:
        receivers:
        - test_syslog_source_id_tcp
        processors:
        - lib:syslog-rfc5424
      pipeline4:
        receivers:
        - test_syslog_source_id_udp
        processors:
        - lib:syslog-rfc3164
