  string(
- 	`receiver "hbase_system" has invalid configuration: unimplemented`,
+ 	"",
  )
