- module: logging
  feature: service:pipelines
  key: default_pipeline_overridden
  value: "false"
- module: metrics
  feature: service:pipelines
  key: default_pipeline_overridden
  value: "false"
- module: global
  feature: default:self_log
  key: default_self_log_file_collection
  value: "true"
- module: logging
  feature: service:otel_logging
  key: otel_logging_supported_config
  value: "false"
- module: logging
  feature: receivers:couchbase_general
  key: "[0].enabled"
  value: "true"
- module: logging
  feature: receivers:couchbase_goxdcr
  key: "[1].enabled"
  value: "true"
- module: logging
  feature: receivers:couchbase_http_access
  key: "[2].enabled"
  value: "true"
