- module: logging
  feature: service:pipelines
  key: default_pipeline_overridden
  value: "false"
- module: metrics
  feature: service:pipelines
  key: default_pipeline_overridden
  value: "false"
- module: logging
  feature: receivers:files
  key: "[0].enabled"
  value: "true"
- module: logging
  feature: receivers:files
  key: "[0].include_paths.__length"
  value: "1"
- module: logging
  feature: processors:exclude_logs
  key: "[0].enabled"
  value: "true"
- module: logging
  feature: processors:exclude_logs
  key: "[0].match_any.__length"
  value: "1"
- module: logging
  feature: processors:exclude_logs
  key: "[1].enabled"
  value: "true"
- module: logging
  feature: processors:exclude_logs
  key: "[1].match_any.__length"
  value: "1"
- module: logging
  feature: processors:exclude_logs
  key: "[2].enabled"
  value: "true"
- module: logging
  feature: processors:exclude_logs
  key: "[2].match_any.__length"
  value: "2"
- module: logging
  feature: processors:exclude_logs
  key: "[3].enabled"
  value: "true"
- module: logging
  feature: processors:exclude_logs
  key: "[3].match_any.__length"
  value: "1"
- module: logging
  feature: processors:exclude_logs
  key: "[4].enabled"
  value: "true"
- module: logging
  feature: processors:exclude_logs
  key: "[4].match_any.__length"
  value: "1"
- module: logging
  feature: processors:exclude_logs
  key: "[5].enabled"
  value: "true"
- module: logging
  feature: processors:exclude_logs
  key: "[5].match_any.__length"
  value: "1"
- module: logging
  feature: processors:exclude_logs
  key: "[6].enabled"
  value: "true"
- module: logging
  feature: processors:exclude_logs
  key: "[6].match_any.__length"
  value: "1"
- module: logging
  feature: processors:exclude_logs
  key: "[7].enabled"
  value: "true"
- module: logging
  feature: processors:exclude_logs
  key: "[7].match_any.__length"
  value: "1"
- module: logging
  feature: processors:exclude_logs
  key: "[8].enabled"
  value: "true"
- module: logging
  feature: processors:exclude_logs
  key: "[8].match_any.__length"
  value: "1"
- module: logging
  feature: processors:exclude_logs
  key: "[9].enabled"
  value: "true"
- module: logging
  feature: processors:exclude_logs
  key: "[9].match_any.__length"
  value: "1"
- module: logging
  feature: processors:exclude_logs
  key: "[10].enabled"
  value: "true"
- module: logging
  feature: processors:exclude_logs
  key: "[10].match_any.__length"
  value: "1"
- module: logging
  feature: processors:exclude_logs
  key: "[11].enabled"
  value: "true"
- module: logging
  feature: processors:exclude_logs
  key: "[11].match_any.__length"
  value: "1"
- module: logging
  feature: processors:exclude_logs
  key: "[12].enabled"
  value: "true"
- module: logging
  feature: processors:exclude_logs
  key: "[12].match_any.__length"
  value: "1"
- module: logging
  feature: processors:exclude_logs
  key: "[13].enabled"
  value: "true"
- module: logging
  feature: processors:exclude_logs
  key: "[13].match_any.__length"
  value: "1"
- module: logging
  feature: processors:exclude_logs
  key: "[14].enabled"
  value: "true"
- module: logging
  feature: processors:exclude_logs
  key: "[14].match_any.__length"
  value: "1"
- module: logging
  feature: processors:exclude_logs
  key: "[15].enabled"
  value: "true"
- module: logging
  feature: processors:exclude_logs
  key: "[15].match_any.__length"
  value: "1"
- module: logging
  feature: processors:exclude_logs
  key: "[16].enabled"
  value: "true"
- module: logging
  feature: processors:exclude_logs
  key: "[16].match_any.__length"
  value: "1"
- module: logging
  feature: processors:exclude_logs
  key: "[17].enabled"
  value: "true"
- module: logging
  feature: processors:exclude_logs
  key: "[17].match_any.__length"
  value: "1"
- module: logging
  feature: processors:exclude_logs
  key: "[18].enabled"
  value: "true"
- module: logging
  feature: processors:exclude_logs
  key: "[18].match_any.__length"
  value: "1"
- module: logging
  feature: processors:exclude_logs
  key: "[19].enabled"
  value: "true"
- module: logging
  feature: processors:exclude_logs
  key: "[19].match_any.__length"
  value: "1"
- module: logging
  feature: processors:exclude_logs
  key: "[20].enabled"
  value: "true"
- module: logging
  feature: processors:exclude_logs
  key: "[20].match_any.__length"
  value: "1"
