- module: logging
  feature: service:pipelines
  key: default_pipeline_overridden
  value: "true"
- module: metrics
  feature: service:pipelines
  key: default_pipeline_overridden
  value: "true"
- module: global
  feature: default:self_log
  key: default_self_log_file_collection
  value: "true"
- module: metrics
  feature: receivers:hostmetrics
  key: "[0].enabled"
  value: "true"
- module: metrics
  feature: receivers:iis
  key: "[1].enabled"
  value: "true"
- module: metrics
  feature: receivers:mssql
  key: "[2].enabled"
  value: "true"
- module: logging
  feature: receivers:windows_event_log
  key: "[0].enabled"
  value: "true"
- module: logging
  feature: receivers:windows_event_log
  key: "[0].channels.__length"
  value: "3"
