  string(
- 	`receiver "saphana" has invalid configuration: unimplemented`,
+ 	"",
  )
