- module: logging
  feature: service:pipelines
  key: default_pipeline_overridden
  value: "false"
- module: metrics
  feature: service:pipelines
  key: default_pipeline_overridden
  value: "false"
- module: logging
  feature: receivers:files
  key: "[0].enabled"
  value: "true"
- module: logging
  feature: receivers:files
  key: "[0].include_paths.__length"
  value: "1"
- module: logging
  feature: processors:parse_regex
  key: "[0].enabled"
  value: "true"
- module: logging
  feature: processors:exclude_logs
  key: "[1].enabled"
  value: "true"
- module: logging
  feature: processors:exclude_logs
  key: "[1].match_any.__length"
  value: "1"
